{
  "version": "1.5.0",
  "plugins_used": [
    {
      "name": "ArtifactoryDetector"
    },
    {
      "name": "AWSKeyDetector"
    },
    {
      "name": "AzureStorageKeyDetector"
    },
    {
      "name": "Base64HighEntropyString",
      "limit": 4.5
    },
    {
      "name": "BasicAuthDetector"
    },
    {
      "name": "CloudantDetector"
    },
    {
      "name": "DiscordBotTokenDetector"
    },
    {
      "name": "GitHubTokenDetector"
    },
    {
      "name": "GitLabTokenDetector"
    },
    {
      "name": "HexHighEntropyString",
      "limit": 3.0
    },
    {
      "name": "IbmCloudIamDetector"
    },
    {
      "name": "IbmCosHmacDetector"
    },
    {
      "name": "IPPublicDetector"
    },
    {
      "name": "JwtTokenDetector"
    },
    {
      "name": "KeywordDetector",
      "keyword_exclude": ""
    },
    {
      "name": "MailchimpDetector"
    },
    {
      "name": "NpmDetector"
    },
    {
      "name": "OpenAIDetector"
    },
    {
      "name": "PrivateKeyDetector"
    },
    {
      "name": "PypiTokenDetector"
    },
    {
      "name": "SendGridDetector"
    },
    {
      "name": "SlackDetector"
    },
    {
      "name": "SoftlayerDetector"
    },
    {
      "name": "SquareOAuthDetector"
    },
    {
      "name": "StripeDetector"
    },
    {
      "name": "TelegramBotTokenDetector"
    },
    {
      "name": "TwilioKeyDetector"
    }
  ],
  "filters_used": [
    {
      "path": "detect_secrets.filters.allowlist.is_line_allowlisted"
    },
    {
      "path": "detect_secrets.filters.common.is_ignored_due_to_verification_policies",
      "min_level": 2
    },
    {
      "path": "detect_secrets.filters.heuristic.is_indirect_reference"
    },
    {
      "path": "detect_secrets.filters.heuristic.is_likely_id_string"
    },
    {
      "path": "detect_secrets.filters.heuristic.is_lock_file"
    },
    {
      "path": "detect_secrets.filters.heuristic.is_not_alphanumeric_string"
    },
    {
      "path": "detect_secrets.filters.heuristic.is_potential_uuid"
    },
    {
      "path": "detect_secrets.filters.heuristic.is_prefixed_with_dollar_sign"
    },
    {
      "path": "detect_secrets.filters.heuristic.is_sequential_string"
    },
    {
      "path": "detect_secrets.filters.heuristic.is_swagger_file"
    },
    {
      "path": "detect_secrets.filters.heuristic.is_templated_secret"
    },
    {
      "path": "detect_secrets.filters.regex.should_exclude_file",
      "pattern": [
        "(^|/)pnpm-lock\\.yaml$",
        "^node_modules/",
        "^dist/",
        "^gateway/node_modules/",
        "^gateway/dist/",
        "\\.wrangler/"
      ]
    }
  ],
  "results": {
    "extensions/line/src/webhook.ts": [
      {
        "type": "Secret Keyword",
        "filename": "extensions/line/src/webhook.ts",
        "hashed_secret": "ecb252044b5ea0f679ee78ec1a12904739e2904d",
        "is_verified": false,
        "line_number": 96
      }
    ],
    "extensions/nextcloud-talk/src/channel.ts": [
      {
        "type": "Secret Keyword",
        "filename": "extensions/nextcloud-talk/src/channel.ts",
        "hashed_secret": "71f8e7976e4cbc4561c9d62fb283e7f788202acb",
        "is_verified": false,
        "line_number": 270
      }
    ],
    "extensions/telegram/src/webhook.ts": [
      {
        "type": "Secret Keyword",
        "filename": "extensions/telegram/src/webhook.ts",
        "hashed_secret": "ecb252044b5ea0f679ee78ec1a12904739e2904d",
        "is_verified": false,
        "line_number": 105
      }
    ],
    "extensions/twitch/src/config.ts": [
      {
        "type": "Secret Keyword",
        "filename": "extensions/twitch/src/config.ts",
        "hashed_secret": "ecb252044b5ea0f679ee78ec1a12904739e2904d",
        "is_verified": false,
        "line_number": 60
      }
    ],
    "gateway/docs/configuration.md": [
      {
        "type": "Secret Keyword",
        "filename": "gateway/docs/configuration.md",
        "hashed_secret": "fd527137dc714da7f19bf01e668352e1ca5d0027",
        "is_verified": false,
        "line_number": 27
      }
    ],
    "gateway/examples/config.full.json": [
      {
        "type": "Secret Keyword",
        "filename": "gateway/examples/config.full.json",
        "hashed_secret": "84f5aedc563e968826452f1999362dc70fb4eeb9",
        "is_verified": false,
        "line_number": 16
      }
    ],
    "gateway/examples/config.openrouter.json": [
      {
        "type": "Secret Keyword",
        "filename": "gateway/examples/config.openrouter.json",
        "hashed_secret": "b48f419b1b635041657367d03b1486a76b05a42f",
        "is_verified": false,
        "line_number": 15
      }
    ],
    "gateway/src/agents/agent-engine-config.ts": [
      {
        "type": "Secret Keyword",
        "filename": "gateway/src/agents/agent-engine-config.ts",
        "hashed_secret": "f8ca0d7266886f4b5be9adddc9b66017b3bf1a4b",
        "is_verified": false,
        "line_number": 18
      },
      {
        "type": "Secret Keyword",
        "filename": "gateway/src/agents/agent-engine-config.ts",
        "hashed_secret": "02ecb94373bfb3dfe827ca18409f50b016e8302a",
        "is_verified": false,
        "line_number": 24
      }
    ],
    "gateway/src/agents/cli-credentials.ts": [
      {
        "type": "Secret Keyword",
        "filename": "gateway/src/agents/cli-credentials.ts",
        "hashed_secret": "7d3bbb5cbbc497d78ad547d8d39cbea2b3b8b69e",
        "is_verified": false,
        "line_number": 211
      },
      {
        "type": "Secret Keyword",
        "filename": "gateway/src/agents/cli-credentials.ts",
        "hashed_secret": "c03a8d10174dd7eb2b3288b570a5a74fdd9ae05d",
        "is_verified": false,
        "line_number": 212
      },
      {
        "type": "Secret Keyword",
        "filename": "gateway/src/agents/cli-credentials.ts",
        "hashed_secret": "759730a97e4373f3a0ee12805db065e3a4a649a5",
        "is_verified": false,
        "line_number": 213
      },
      {
        "type": "Secret Keyword",
        "filename": "gateway/src/agents/cli-credentials.ts",
        "hashed_secret": "4e088f53901bceee7585441de1a94908b3b7f590",
        "is_verified": false,
        "line_number": 215
      },
      {
        "type": "Secret Keyword",
        "filename": "gateway/src/agents/cli-credentials.ts",
        "hashed_secret": "0c3f3289bb966755dcddc15c513ba168300ad77a",
        "is_verified": false,
        "line_number": 216
      },
      {
        "type": "Secret Keyword",
        "filename": "gateway/src/agents/cli-credentials.ts",
        "hashed_secret": "61e7a9a44ec34ad47c761aa2a4bff704a2b82175",
        "is_verified": false,
        "line_number": 217
      },
      {
        "type": "Secret Keyword",
        "filename": "gateway/src/agents/cli-credentials.ts",
        "hashed_secret": "1b03c368bfb5cff577edd3df6eeb9d5e8d993681",
        "is_verified": false,
        "line_number": 218
      },
      {
        "type": "Secret Keyword",
        "filename": "gateway/src/agents/cli-credentials.ts",
        "hashed_secret": "18230074e0613b14a4399853f09b6c303e838188",
        "is_verified": false,
        "line_number": 219
      }
    ],
    "gateway/src/agents/debug-stress.test.ts": [
      {
        "type": "Secret Keyword",
        "filename": "gateway/src/agents/debug-stress.test.ts",
        "hashed_secret": "e5e9fa1ba31ecd1ae84f75caaa474f3a663f05f4",
        "is_verified": false,
        "line_number": 271
      }
    ],
    "gateway/src/agents/model-auth.test.ts": [
      {
        "type": "Secret Keyword",
        "filename": "gateway/src/agents/model-auth.test.ts",
        "hashed_secret": "3d3c56cca5cef30a40a0cf0507ab35910cfef8d8",
        "is_verified": false,
        "line_number": 30
      },
      {
        "type": "Secret Keyword",
        "filename": "gateway/src/agents/model-auth.test.ts",
        "hashed_secret": "e9a5f12a8ecbb3eb46eca5096b5c52aa5e7c9fdd",
        "is_verified": false,
        "line_number": 37
      },
      {
        "type": "Secret Keyword",
        "filename": "gateway/src/agents/model-auth.test.ts",
        "hashed_secret": "76ce15edd5a8548603b6fd281d185f323234758f",
        "is_verified": false,
        "line_number": 42
      },
      {
        "type": "Secret Keyword",
        "filename": "gateway/src/agents/model-auth.test.ts",
        "hashed_secret": "c22e4752b05214b335c36fcaaf4c4d63becdaa9e",
        "is_verified": false,
        "line_number": 43
      },
      {
        "type": "Secret Keyword",
        "filename": "gateway/src/agents/model-auth.test.ts",
        "hashed_secret": "8d797488db67869ad956901bb56faf0e8089e66d",
        "is_verified": false,
        "line_number": 44
      },
      {
        "type": "Secret Keyword",
        "filename": "gateway/src/agents/model-auth.test.ts",
        "hashed_secret": "66267ed3a4488eeab5cd1289ac7979a4268a57de",
        "is_verified": false,
        "line_number": 72
      },
      {
        "type": "Secret Keyword",
        "filename": "gateway/src/agents/model-auth.test.ts",
        "hashed_secret": "b8ade30b6b6e7bdb24a58930fed5d9017c3bfdca",
        "is_verified": false,
        "line_number": 80
      },
      {
        "type": "Secret Keyword",
        "filename": "gateway/src/agents/model-auth.test.ts",
        "hashed_secret": "f923fd7210890c51736352b6d80ecf809101dfdc",
        "is_verified": false,
        "line_number": 88
      },
      {
        "type": "Secret Keyword",
        "filename": "gateway/src/agents/model-auth.test.ts",
        "hashed_secret": "849b2b5b1ac6c183c213affb37b2f3a835fddb90",
        "is_verified": false,
        "line_number": 89
      },
      {
        "type": "Secret Keyword",
        "filename": "gateway/src/agents/model-auth.test.ts",
        "hashed_secret": "65233daa81609373b871dd2862627da65463b1d4",
        "is_verified": false,
        "line_number": 108
      },
      {
        "type": "Secret Keyword",
        "filename": "gateway/src/agents/model-auth.test.ts",
        "hashed_secret": "3426e527205138d32bedc0505cd62de299079c8d",
        "is_verified": false,
        "line_number": 109
      },
      {
        "type": "Secret Keyword",
        "filename": "gateway/src/agents/model-auth.test.ts",
        "hashed_secret": "855066b74b6ca0debdd113808b61badc3cf8dc61",
        "is_verified": false,
        "line_number": 185
      }
    ],
    "gateway/src/agents/wave1-batch2.test.ts": [
      {
        "type": "Secret Keyword",
        "filename": "gateway/src/agents/wave1-batch2.test.ts",
        "hashed_secret": "a94a8fe5ccb19ba61c4c0873d391e987982fbbd3",
        "is_verified": false,
        "line_number": 36
      },
      {
        "type": "Secret Keyword",
        "filename": "gateway/src/agents/wave1-batch2.test.ts",
        "hashed_secret": "a62f2225bf70bfaccbc7f1ef2a397836717377de",
        "is_verified": false,
        "line_number": 45
      }
    ],
    "gateway/src/agents/wave1-batch4.test.ts": [
      {
        "type": "Secret Keyword",
        "filename": "gateway/src/agents/wave1-batch4.test.ts",
        "hashed_secret": "e9a5f12a8ecbb3eb46eca5096b5c52aa5e7c9fdd",
        "is_verified": false,
        "line_number": 19
      }
    ],
    "gateway/src/channels/channel-adapters.test.ts": [
      {
        "type": "Secret Keyword",
        "filename": "gateway/src/channels/channel-adapters.test.ts",
        "hashed_secret": "fe1bae27cb7c1fb823f496f286e78f1d2ae87734",
        "is_verified": false,
        "line_number": 25
      },
      {
        "type": "Secret Keyword",
        "filename": "gateway/src/channels/channel-adapters.test.ts",
        "hashed_secret": "e5e9fa1ba31ecd1ae84f75caaa474f3a663f05f4",
        "is_verified": false,
        "line_number": 109
      },
      {
        "type": "Secret Keyword",
        "filename": "gateway/src/channels/channel-adapters.test.ts",
        "hashed_secret": "640d87e741e6aa4c669a82a4cd304787960513ab",
        "is_verified": false,
        "line_number": 141
      },
      {
        "type": "Secret Keyword",
        "filename": "gateway/src/channels/channel-adapters.test.ts",
        "hashed_secret": "4205714cdfe14ed9e3d030ddf7887781b964f510",
        "is_verified": false,
        "line_number": 142
      },
      {
        "type": "Secret Keyword",
        "filename": "gateway/src/channels/channel-adapters.test.ts",
        "hashed_secret": "a94a8fe5ccb19ba61c4c0873d391e987982fbbd3",
        "is_verified": false,
        "line_number": 190
      }
    ],
    "gateway/src/channels/channels.test.ts": [
      {
        "type": "Secret Keyword",
        "filename": "gateway/src/channels/channels.test.ts",
        "hashed_secret": "fe1bae27cb7c1fb823f496f286e78f1d2ae87734",
        "is_verified": false,
        "line_number": 91
      }
    ],
    "gateway/src/config/legacy-migration.ts": [
      {
        "type": "Secret Keyword",
        "filename": "gateway/src/config/legacy-migration.ts",
        "hashed_secret": "ecb252044b5ea0f679ee78ec1a12904739e2904d",
        "is_verified": false,
        "line_number": 78
      }
    ],
    "gateway/src/config/legacy.shared.test.ts": [
      {
        "type": "Secret Keyword",
        "filename": "gateway/src/config/legacy.shared.test.ts",
        "hashed_secret": "fb0123cbab73d8a58896fbe39b8b7b5b6df15c5e",
        "is_verified": false,
        "line_number": 9
      }
    ],
    "gateway/src/config/wave2-batch1.test.ts": [
      {
        "type": "Secret Keyword",
        "filename": "gateway/src/config/wave2-batch1.test.ts",
        "hashed_secret": "1bdb819b553a3ebcdf42833ea0e5c05b8dac455c",
        "is_verified": false,
        "line_number": 22
      },
      {
        "type": "Secret Keyword",
        "filename": "gateway/src/config/wave2-batch1.test.ts",
        "hashed_secret": "e9a5f12a8ecbb3eb46eca5096b5c52aa5e7c9fdd",
        "is_verified": false,
        "line_number": 68
      }
    ],
    "gateway/src/infra/device-identity.ts": [
      {
        "type": "Secret Keyword",
        "filename": "gateway/src/infra/device-identity.ts",
        "hashed_secret": "ecb252044b5ea0f679ee78ec1a12904739e2904d",
        "is_verified": false,
        "line_number": 76
      }
    ],
    "gateway/src/pairing/pairing-store.ts": [
      {
        "type": "Base64 High Entropy String",
        "filename": "gateway/src/pairing/pairing-store.ts",
        "hashed_secret": "f8c6f1ff98c5ee78c27d34a3ca68f35ad79847af",
        "is_verified": false,
        "line_number": 12
      }
    ],
    "gateway/src/plugins/config-editor.test.ts": [
      {
        "type": "Secret Keyword",
        "filename": "gateway/src/plugins/config-editor.test.ts",
        "hashed_secret": "6367c48dd193d56ea7b0baad25b19455e529f5ee",
        "is_verified": false,
        "line_number": 83
      },
      {
        "type": "Secret Keyword",
        "filename": "gateway/src/plugins/config-editor.test.ts",
        "hashed_secret": "e48c47f1431afd3bb030deea266b4309e2228c5b",
        "is_verified": false,
        "line_number": 103
      },
      {
        "type": "Secret Keyword",
        "filename": "gateway/src/plugins/config-editor.test.ts",
        "hashed_secret": "a62f2225bf70bfaccbc7f1ef2a397836717377de",
        "is_verified": false,
        "line_number": 115
      },
      {
        "type": "Secret Keyword",
        "filename": "gateway/src/plugins/config-editor.test.ts",
        "hashed_secret": "c00dbbc9dadfbe1e232e93a729dd4752fade0abf",
        "is_verified": false,
        "line_number": 134
      },
      {
        "type": "Secret Keyword",
        "filename": "gateway/src/plugins/config-editor.test.ts",
        "hashed_secret": "5a6df720540c20d95d530d3fd6885511223d5d20",
        "is_verified": false,
        "line_number": 198
      },
      {
        "type": "Secret Keyword",
        "filename": "gateway/src/plugins/config-editor.test.ts",
        "hashed_secret": "a1047eab1035d58682a53557e0b2a75edbfd15fd",
        "is_verified": false,
        "line_number": 199
      },
      {
        "type": "Secret Keyword",
        "filename": "gateway/src/plugins/config-editor.test.ts",
        "hashed_secret": "c5e31d5915661de4393e3f1489b00ebc4497dd48",
        "is_verified": false,
        "line_number": 214
      }
    ],
    "gateway/src/plugins/config-validator.test.ts": [
      {
        "type": "Secret Keyword",
        "filename": "gateway/src/plugins/config-validator.test.ts",
        "hashed_secret": "f10317c27ca4d2ef628b2690766ceca20f8668ac",
        "is_verified": false,
        "line_number": 370
      }
    ],
    "gateway/src/secrets/apply.test.ts": [
      {
        "type": "Secret Keyword",
        "filename": "gateway/src/secrets/apply.test.ts",
        "hashed_secret": "2a672ccf5e8722645f7182d1284eb96320c8b220",
        "is_verified": false,
        "line_number": 11
      },
      {
        "type": "Secret Keyword",
        "filename": "gateway/src/secrets/apply.test.ts",
        "hashed_secret": "59db85718c97565baccfdc97399b359640ad2eff",
        "is_verified": false,
        "line_number": 71
      }
    ],
    "gateway/src/secrets/apply.ts": [
      {
        "type": "Secret Keyword",
        "filename": "gateway/src/secrets/apply.ts",
        "hashed_secret": "0fbee71d82fc1ba36c6b1bd82f9cda800cf28e4d",
        "is_verified": false,
        "line_number": 11
      }
    ],
    "gateway/src/secrets/audit.test.ts": [
      {
        "type": "Base64 High Entropy String",
        "filename": "gateway/src/secrets/audit.test.ts",
        "hashed_secret": "e1528ab28b5ab47ea514f383a9894649d9711c11",
        "is_verified": false,
        "line_number": 9
      },
      {
        "type": "Secret Keyword",
        "filename": "gateway/src/secrets/audit.test.ts",
        "hashed_secret": "e1528ab28b5ab47ea514f383a9894649d9711c11",
        "is_verified": false,
        "line_number": 9
      },
      {
        "type": "Secret Keyword",
        "filename": "gateway/src/secrets/audit.test.ts",
        "hashed_secret": "aecdccc1cf64595b34e0cc152d238daabb32183a",
        "is_verified": false,
        "line_number": 22
      },
      {
        "type": "Secret Keyword",
        "filename": "gateway/src/secrets/audit.test.ts",
        "hashed_secret": "2a672ccf5e8722645f7182d1284eb96320c8b220",
        "is_verified": false,
        "line_number": 28
      }
    ],
    "gateway/src/secrets/encryption.test.ts": [
      {
        "type": "Base64 High Entropy String",
        "filename": "gateway/src/secrets/encryption.test.ts",
        "hashed_secret": "e1528ab28b5ab47ea514f383a9894649d9711c11",
        "is_verified": false,
        "line_number": 11
      }
    ],
    "gateway/src/secrets/env-secrets.test.ts": [
      {
        "type": "Secret Keyword",
        "filename": "gateway/src/secrets/env-secrets.test.ts",
        "hashed_secret": "e8222dceee4b9b49d05091e41e7f5ddcd7f28c5c",
        "is_verified": false,
        "line_number": 10
      },
      {
        "type": "Base64 High Entropy String",
        "filename": "gateway/src/secrets/env-secrets.test.ts",
        "hashed_secret": "48cbefb36880934b2caaf8c73c7d473fb57389d6",
        "is_verified": false,
        "line_number": 22
      }
    ],
    "gateway/src/secrets/plan.test.ts": [
      {
        "type": "Secret Keyword",
        "filename": "gateway/src/secrets/plan.test.ts",
        "hashed_secret": "b9639386b17224dd3bca28f27addd3bbb3939e2f",
        "is_verified": false,
        "line_number": 11
      }
    ],
    "gateway/src/secrets/plan.ts": [
      {
        "type": "Secret Keyword",
        "filename": "gateway/src/secrets/plan.ts",
        "hashed_secret": "0fbee71d82fc1ba36c6b1bd82f9cda800cf28e4d",
        "is_verified": false,
        "line_number": 12
      }
    ],
    "gateway/src/secrets/resolve.test.ts": [
      {
        "type": "Secret Keyword",
        "filename": "gateway/src/secrets/resolve.test.ts",
        "hashed_secret": "0021d19672b17b8cae12a75042268e8d5b045147",
        "is_verified": false,
        "line_number": 11
      },
      {
        "type": "Secret Keyword",
        "filename": "gateway/src/secrets/resolve.test.ts",
        "hashed_secret": "6975d992ad4b3e7e83b9f892b4ca6dcbb57ea88b",
        "is_verified": false,
        "line_number": 12
      }
    ],
    "gateway/src/secrets/types.ts": [
      {
        "type": "Secret Keyword",
        "filename": "gateway/src/secrets/types.ts",
        "hashed_secret": "920f8f5815b381ea692e9e7c2f7119f2b1aa620a",
        "is_verified": false,
        "line_number": 8
      }
    ],
    "gateway/src/security/api-key-validator.test.ts": [
      {
        "type": "Base64 High Entropy String",
        "filename": "gateway/src/security/api-key-validator.test.ts",
        "hashed_secret": "48cbefb36880934b2caaf8c73c7d473fb57389d6",
        "is_verified": false,
        "line_number": 20
      }
    ],
    "gateway/src/security/audit.shared.test.ts": [
      {
        "type": "Secret Keyword",
        "filename": "gateway/src/security/audit.shared.test.ts",
        "hashed_secret": "e673920b7e2660b157b1e094c31d812a188b8c6e",
        "is_verified": false,
        "line_number": 22
      }
    ],
    "gateway/src/utils/log-redaction.test.ts": [
      {
        "type": "GitHub Token",
        "filename": "gateway/src/utils/log-redaction.test.ts",
        "hashed_secret": "e175c6f5f2a92e8623bd9a4820edb4e8c1b0fd10",
        "is_verified": false,
        "line_number": 22
      },
      {
        "type": "Base64 High Entropy String",
        "filename": "gateway/src/utils/log-redaction.test.ts",
        "hashed_secret": "234e52bcaa4195914150409ac7fba61b15f4e6ef",
        "is_verified": false,
        "line_number": 77
      },
      {
        "type": "Base64 High Entropy String",
        "filename": "gateway/src/utils/log-redaction.test.ts",
        "hashed_secret": "22f7546ba75a46de07ce53295daf87a9dccc66a9",
        "is_verified": false,
        "line_number": 81
      }
    ],
    "gateway/src/wizard/wizard.test.ts": [
      {
        "type": "Secret Keyword",
        "filename": "gateway/src/wizard/wizard.test.ts",
        "hashed_secret": "e9a5f12a8ecbb3eb46eca5096b5c52aa5e7c9fdd",
        "is_verified": false,
        "line_number": 42
      },
      {
        "type": "Secret Keyword",
        "filename": "gateway/src/wizard/wizard.test.ts",
        "hashed_secret": "bb3be8e9392f90cd6fdd90f9ffc3cc40e2d6b670",
        "is_verified": false,
        "line_number": 55
      },
      {
        "type": "Secret Keyword",
        "filename": "gateway/src/wizard/wizard.test.ts",
        "hashed_secret": "fe72967536aedcae9b1b1e4eaf2c53494e17a638",
        "is_verified": false,
        "line_number": 83
      },
      {
        "type": "Secret Keyword",
        "filename": "gateway/src/wizard/wizard.test.ts",
        "hashed_secret": "ab75477aaedc1161cfdf4018b6cbcd9ec842ea40",
        "is_verified": false,
        "line_number": 116
      }
    ],
    "gateway/tests/integration/phase34-chain-config-secrets.test.ts": [
      {
        "type": "Secret Keyword",
        "filename": "gateway/tests/integration/phase34-chain-config-secrets.test.ts",
        "hashed_secret": "c42739deeff0d0d705cc3fad616f24b414a98083",
        "is_verified": false,
        "line_number": 61
      }
    ],
    "gateway/tests/integration/phase34-chaos-security-evasion.test.ts": [
      {
        "type": "Secret Keyword",
        "filename": "gateway/tests/integration/phase34-chaos-security-evasion.test.ts",
        "hashed_secret": "3855e88f34428c13a4b11feaa10b207e1906e2c2",
        "is_verified": false,
        "line_number": 130
      }
    ],
    "gateway/tests/unit/gmail.test.ts": [
      {
        "type": "Secret Keyword",
        "filename": "gateway/tests/unit/gmail.test.ts",
        "hashed_secret": "4ad583af22c2e7d40c1c916b2920299155a46464",
        "is_verified": false,
        "line_number": 152
      }
    ],
    "gateway/tests/unit/phase13-providers.test.ts": [
      {
        "type": "Secret Keyword",
        "filename": "gateway/tests/unit/phase13-providers.test.ts",
        "hashed_secret": "a94a8fe5ccb19ba61c4c0873d391e987982fbbd3",
        "is_verified": false,
        "line_number": 26
      }
    ],
    "gateway/tests/unit/phase14-channels.test.ts": [
      {
        "type": "Secret Keyword",
        "filename": "gateway/tests/unit/phase14-channels.test.ts",
        "hashed_secret": "fe1bae27cb7c1fb823f496f286e78f1d2ae87734",
        "is_verified": false,
        "line_number": 75
      },
      {
        "type": "Secret Keyword",
        "filename": "gateway/tests/unit/phase14-channels.test.ts",
        "hashed_secret": "5c5a15a8b0b3e154d77746945e563ba40100681b",
        "is_verified": false,
        "line_number": 211
      }
    ],
    "gateway/tests/unit/phase19-plugin-agent.test.ts": [
      {
        "type": "Secret Keyword",
        "filename": "gateway/tests/unit/phase19-plugin-agent.test.ts",
        "hashed_secret": "e9a5f12a8ecbb3eb46eca5096b5c52aa5e7c9fdd",
        "is_verified": false,
        "line_number": 281
      },
      {
        "type": "Secret Keyword",
        "filename": "gateway/tests/unit/phase19-plugin-agent.test.ts",
        "hashed_secret": "bb3be8e9392f90cd6fdd90f9ffc3cc40e2d6b670",
        "is_verified": false,
        "line_number": 300
      }
    ],
    "gateway/tests/unit/phase24-deployment.test.ts": [
      {
        "type": "Secret Keyword",
        "filename": "gateway/tests/unit/phase24-deployment.test.ts",
        "hashed_secret": "4dd0eb345270efc47af3f55998ffc216437cc631",
        "is_verified": false,
        "line_number": 16
      }
    ],
    "gateway/tests/unit/phase32-integration.test.ts": [
      {
        "type": "Secret Keyword",
        "filename": "gateway/tests/unit/phase32-integration.test.ts",
        "hashed_secret": "a62f2225bf70bfaccbc7f1ef2a397836717377de",
        "is_verified": false,
        "line_number": 97
      }
    ],
    "gateway/tests/unit/phase32-services-env-deep.test.ts": [
      {
        "type": "Secret Keyword",
        "filename": "gateway/tests/unit/phase32-services-env-deep.test.ts",
        "hashed_secret": "a62f2225bf70bfaccbc7f1ef2a397836717377de",
        "is_verified": false,
        "line_number": 111
      },
      {
        "type": "Secret Keyword",
        "filename": "gateway/tests/unit/phase32-services-env-deep.test.ts",
        "hashed_secret": "dff6d4ff5dc357cf451d1855ab9cbda562645c9f",
        "is_verified": false,
        "line_number": 142
      }
    ],
    "gateway/tests/unit/phase41-auth.test.ts": [
      {
        "type": "Secret Keyword",
        "filename": "gateway/tests/unit/phase41-auth.test.ts",
        "hashed_secret": "e5e9fa1ba31ecd1ae84f75caaa474f3a663f05f4",
        "is_verified": false,
        "line_number": 101
      }
    ],
    "gateway/tests/unit/phase42-credential-resolver-deep.test.ts": [
      {
        "type": "Secret Keyword",
        "filename": "gateway/tests/unit/phase42-credential-resolver-deep.test.ts",
        "hashed_secret": "e5e9fa1ba31ecd1ae84f75caaa474f3a663f05f4",
        "is_verified": false,
        "line_number": 57
      }
    ],
    "gateway/tests/unit/providers.test.ts": [
      {
        "type": "Secret Keyword",
        "filename": "gateway/tests/unit/providers.test.ts",
        "hashed_secret": "a94a8fe5ccb19ba61c4c0873d391e987982fbbd3",
        "is_verified": false,
        "line_number": 18
      }
    ],
    "gateway/tests/unit/wave27-lifecycle.test.ts": [
      {
        "type": "Secret Keyword",
        "filename": "gateway/tests/unit/wave27-lifecycle.test.ts",
        "hashed_secret": "7288edd0fc3ffcbe93a0cf06e3568e28521687bc",
        "is_verified": false,
        "line_number": 129
      }
    ],
    "gateway/tests/unit/wave47-flows-engine.test.ts": [
      {
        "type": "Secret Keyword",
        "filename": "gateway/tests/unit/wave47-flows-engine.test.ts",
        "hashed_secret": "298f92596c4337d76c613d8cb04048f271e6e272",
        "is_verified": false,
        "line_number": 52
      }
    ],
    "gateway/tests/unit/wave8-integration.test.ts": [
      {
        "type": "Secret Keyword",
        "filename": "gateway/tests/unit/wave8-integration.test.ts",
        "hashed_secret": "fb0123cbab73d8a58896fbe39b8b7b5b6df15c5e",
        "is_verified": false,
        "line_number": 505
      }
    ],
    "super-scraper-plan-v2.md": [
      {
        "type": "Secret Keyword",
        "filename": "super-scraper-plan-v2.md",
        "hashed_secret": "93d2557cd86384ccebb5b9d5bf076e2010416f25",
        "is_verified": false,
        "line_number": 452
      }
    ]
  },
  "generated_at": "2026-04-17T01:52:40Z"
}
